
> vibe-social@0.0.0 test
> vitest --run


[1m[46m RUN [49m[22m [36mv4.0.18 [39m[90mC:/Users/rakpa/Documents/VibeMusic/vibe-social[39m

node.exe : [90mstderr[2m | 
src/components/world/Scene.te
st.jsx[2m > [22m[2mScene[
2m > [22m[2mrenders ground,
 character, other players and
 Vibe Station
At line:1 char:1
+ & "C:\Program Files\nodejs/
node.exe" "C:\Users\rakpa\App
Data\Roaming\ ...
+ ~~~~~~~~~~~~~~~~~~~~~~~~~~~
~~~~~~~~~~~~~~~~~~~~~~~~~~~~~
~~~~~~~~~~~~~
    + CategoryInfo           
   : NotSpecified: ([90mst  
  derr[2m...nd Vibe Stati   
 on:String) [], RemoteExc    
eption
    + FullyQualifiedErrorId  
   : NativeCommandError
 
[22m[39m<boxGeometry /> is 
using incorrect casing. Use P
ascalCase for React component
s, or lowercase for HTML elem
ents.
The tag <boxGeometry> is unre
cognized in this browser. If 
you meant to render a React c
omponent, start its name with
 an uppercase letter.
<meshStandardMaterial /> is u
sing incorrect casing. Use Pa
scalCase for React components
, or lowercase for HTML eleme
nts.
The tag <meshStandardMaterial
> is unrecognized in this bro
wser. If you meant to render 
a React component, start its 
name with an uppercase letter
.
The tag <mesh> is unrecognize
d in this browser. If you mea
nt to render a React componen
t, start its name with an upp
ercase letter.

[90mstderr[2m | src/compone
nts/world/SpatialPanel.test.j
sx[2m > [22m[2mSpatialPane
l[2m > [22m[2mrenders titl
e and children
[22m[39mThe tag <group> is 
unrecognized in this browser.
 If you meant to render a Rea
ct component, start its name 
with an uppercase letter.

 [31mÔŁ»[39m src/components/world/Scene.test.jsx [2m([22m[2m1 test[22m[2m | [22m[31m1 failed[39m[2m)[22m[32m 41[2mms[22m[39m
[31m     [31m├Ś[31m renders ground, character, other players and Vibe Station[39m[32m 39[2mms[22m[39m
 [32mÔťô[39m src/components/world/SpatialPanel.test.jsx [2m([22m[2m1 test[22m[2m)[22m[32m 42[2mms[22m[39m
 [31mÔŁ»[39m src/components/Player.test.jsx [2m([22m[2m2 tests[22m[2m | [22m[31m2 failed[39m[2m)[22m[32m 38[2mms[22m[39m
[31m     [31m├Ś[31m renders the current track info[39m[32m 30[2mms[22m[39m
[31m     [31m├Ś[31m contains play and skip controls[39m[32m 6[2mms[22m[39m
 [32mÔťô[39m src/components/world/CharacterController.test.jsx [2m([22m[2m1 test[22m[2m)[22m[32m 29[2mms[22m[39m
 [31mÔŁ»[39m src/components/Shop.test.jsx [2m([22m[2m2 tests[22m[2m | [22m[31m2 failed[39m[2m)[22m[32m 90[2mms[22m[39m
[31m     [31m├Ś[31m renders point packages[39m[32m 73[2mms[22m[39m
[31m     [31m├Ś[31m shows the vinyl express package[39m[32m 14[2mms[22m[39m
 [32mÔťô[39m src/components/Profile.test.jsx [2m([22m[2m2 tests[22m[2m)[22m[32m 102[2mms[22m[39m
 [31mÔŁ»[39m src/components/Feed.test.jsx [2m([22m[2m2 tests[22m[2m | [22m[31m1 failed[39m[2m)[22m[32m 170[2mms[22m[39m
     [32mÔťô[39m renders a welcome message[32m 115[2mms[22m[39m
[31m     [31m├Ś[31m renders a list of track cards[39m[32m 54[2mms[22m[39m
[90mstderr[2m | src/compone
nts/Community.test.jsx[2m > 
[22m[2mCommunity Component
[2m > [22m[2mrenders commun
ity leaderboard
[22m[39mError: This browser
 does not support ResizeObser
ver out of the box. See: http
s://github.com/react-spring/r
eact-use-measure/#resize-obse
rver-polyfills
    at Object.S [as default] 
[90m(C:\Users\rakpa\Document
s\VibeMusic\vibe-social\[39m
node_modules\[4mreact-use-me
asure[24m\dist\index.cjs:1:2
50[90m)[39m
    at CanvasImpl [90m(C:\Us
ers\rakpa\Documents\VibeMusic
\vibe-social\[39mnode_module
s\[4m@react-three\fiber[24m
\dist\react-three-fiber.cjs.d
ev.js:69:71[90m)[39m
    at Object.react_stack_bot
tom_frame [90m(C:\Users\rakp
a\Documents\VibeMusic\vibe-so
cial\[39mnode_modules\[4mre
act-dom[24m\cjs\react-dom-cl
ient.development.js:25904:20
[90m)[39m
    at renderWithHooks [90m(
C:\Users\rakpa\Documents\Vibe
Music\vibe-social\[39mnode_m
odules\[4mreact-dom[24m\cjs
\react-dom-client.development
.js:7662:22[90m)[39m
    at updateFunctionComponen
t [90m(C:\Users\rakpa\Docume
nts\VibeMusic\vibe-social\[3
9mnode_modules\[4mreact-dom
[24m\cjs\react-dom-client.dev
elopment.js:10166:19[90m)[3
9m
    at beginWork [90m(C:\Use
rs\rakpa\Documents\VibeMusic\
vibe-social\[39mnode_modules
\[4mreact-dom[24m\cjs\react
-dom-client.development.js:11
778:18[90m)[39m
    at runWithFiberInDEV [90
m(C:\Users\rakpa\Documents\Vi
beMusic\vibe-social\[39mnode
_modules\[4mreact-dom[24m\c
js\react-dom-client.developme
nt.js:874:13[90m)[39m
    at performUnitOfWork [90
m(C:\Users\rakpa\Documents\Vi
beMusic\vibe-social\[39mnode
_modules\[4mreact-dom[24m\c
js\react-dom-client.developme
nt.js:17641:22[90m)[39m
    at workLoopSync [90m(C:\
Users\rakpa\Documents\VibeMus
ic\vibe-social\[39mnode_modu
les\[4mreact-dom[24m\cjs\re
act-dom-client.development.js
:17469:41[90m)[39m
    at renderRootSync [90m(C
:\Users\rakpa\Documents\VibeM
usic\vibe-social\[39mnode_mo
dules\[4mreact-dom[24m\cjs\
react-dom-client.development.
js:17450:11[90m)[39m {
  [stack]: [36m[Getter/Sette
r][39m,
  [message]: [32m'This brows
er does not support ResizeObs
erver out of the box. See: ht
tps://github.com/react-spring
/react-use-measure/#resize-ob
server-polyfills'[39m
}

The above error occurred in t
he <CanvasImpl> component.

React will try to recreate th
is component tree from scratc
h using the error boundary yo
u provided, ErrorBoundary.

ErrorBoundary caught: Error: 
This browser does not support
 ResizeObserver out of the bo
x. See: https://github.com/re
act-spring/react-use-measure/
#resize-observer-polyfills
    at Object.S [as default] 
[90m(C:\Users\rakpa\Document
s\VibeMusic\vibe-social\[39m
node_modules\[4mreact-use-me
asure[24m\dist\index.cjs:1:2
50[90m)[39m
    at CanvasImpl [90m(C:\Us
ers\rakpa\Documents\VibeMusic
\vibe-social\[39mnode_module
s\[4m@react-three\fiber[24m
\dist\react-three-fiber.cjs.d
ev.js:69:71[90m)[39m
    at Object.react_stack_bot
tom_frame [90m(C:\Users\rakp
a\Documents\VibeMusic\vibe-so
cial\[39mnode_modules\[4mre
act-dom[24m\cjs\react-dom-cl
ient.development.js:25904:20
[90m)[39m
    at renderWithHooks [90m(
C:\Users\rakpa\Documents\Vibe
Music\vibe-social\[39mnode_m
odules\[4mreact-dom[24m\cjs
\react-dom-client.development
.js:7662:22[90m)[39m
    at updateFunctionComponen
t [90m(C:\Users\rakpa\Docume
nts\VibeMusic\vibe-social\[3
9mnode_modules\[4mreact-dom
[24m\cjs\react-dom-client.dev
elopment.js:10166:19[90m)[3
9m
    at beginWork [90m(C:\Use
rs\rakpa\Documents\VibeMusic\
vibe-social\[39mnode_modules
\[4mreact-dom[24m\cjs\react
-dom-client.development.js:11
778:18[90m)[39m
    at runWithFiberInDEV [90
m(C:\Users\rakpa\Documents\Vi
beMusic\vibe-social\[39mnode
_modules\[4mreact-dom[24m\c
js\react-dom-client.developme
nt.js:874:13[90m)[39m
    at performUnitOfWork [90
m(C:\Users\rakpa\Documents\Vi
beMusic\vibe-social\[39mnode
_modules\[4mreact-dom[24m\c
js\react-dom-client.developme
nt.js:17641:22[90m)[39m
    at workLoopSync [90m(C:\
Users\rakpa\Documents\VibeMus
ic\vibe-social\[39mnode_modu
les\[4mreact-dom[24m\cjs\re
act-dom-client.development.js
:17469:41[90m)[39m
    at renderRootSync [90m(C
:\Users\rakpa\Documents\VibeM
usic\vibe-social\[39mnode_mo
dules\[4mreact-dom[24m\cjs\
react-dom-client.development.
js:17450:11[90m)[39m {
  componentStack: [32m'\n'[
39m +
    [32m'    at CanvasImpl (
C:\\Users\\rakpa\\Documents\\
VibeMusic\\vibe-social\\node_
modules\\@react-three\\fiber\
\dist\\react-three-fiber.cjs.
dev.js:40:3)\n'[39m +
    [32m'    at d (C:\\Users
\\rakpa\\Documents\\VibeMusic
\\vibe-social\\node_modules\\
its-fine\\dist\\index.cjs:1:9
26)\n'[39m +
    [32m'    at Canvas (<ano
nymous>)\n'[39m +
    [32m'    at exports.Keyb
oardControls (C:\\Users\\rakp
a\\Documents\\VibeMusic\\vibe
-social\\node_modules\\@react
-three\\drei\\index.cjs.js:1:
339983)\n'[39m +
    [32m'    at div (<anonym
ous>)\n'[39m +
    [32m'    at WorldCanvas 
(<anonymous>)\n'[39m +
    [32m'    at ErrorBoundar
y (C:/Users/rakpa/Documents/V
ibeMusic/vibe-social/src/comp
onents/ErrorBoundary.jsx:10:5
)\n'[39m +
    [32m'    at div (<anonym
ous>)\n'[39m +
    [32m'    at div (<anonym
ous>)\n'[39m +
    [32m'    at div (<anonym
ous>)\n'[39m +
    [32m'    at Community (C
:/Users/rakpa/Documents/VibeM
usic/vibe-social/src/componen
ts/Community.jsx:14:22)'[39m
}

[90mstderr[2m | src/compone
nts/Community.test.jsx[2m > 
[22m[2mCommunity Component
[2m > [22m[2mlists trending
 artists
[22m[39mError: This browser
 does not support ResizeObser
ver out of the box. See: http
s://github.com/react-spring/r
eact-use-measure/#resize-obse
rver-polyfills
    at Object.S [as default] 
[90m(C:\Users\rakpa\Document
s\VibeMusic\vibe-social\[39m
node_modules\[4mreact-use-me
asure[24m\dist\index.cjs:1:2
50[90m)[39m
    at CanvasImpl [90m(C:\Us
ers\rakpa\Documents\VibeMusic
\vibe-social\[39mnode_module
s\[4m@react-three\fiber[24m
\dist\react-three-fiber.cjs.d
ev.js:69:71[90m)[39m
    at Object.react_stack_bot
tom_frame [90m(C:\Users\rakp
a\Documents\VibeMusic\vibe-so
cial\[39mnode_modules\[4mre
act-dom[24m\cjs\react-dom-cl
ient.development.js:25904:20
[90m)[39m
    at renderWithHooks [90m(
C:\Users\rakpa\Documents\Vibe
Music\vibe-social\[39mnode_m
odules\[4mreact-dom[24m\cjs
\react-dom-client.development
.js:7662:22[90m)[39m
    at updateFunctionComponen
t [90m(C:\Users\rakpa\Docume
nts\VibeMusic\vibe-social\[3
9mnode_modules\[4mreact-dom
[24m\cjs\react-dom-client.dev
elopment.js:10166:19[90m)[3
9m
    at beginWork [90m(C:\Use
rs\rakpa\Documents\VibeMusic\
vibe-social\[39mnode_modules
\[4mreact-dom[24m\cjs\react
-dom-client.development.js:11
778:18[90m)[39m
    at runWithFiberInDEV [90
m(C:\Users\rakpa\Documents\Vi
beMusic\vibe-social\[39mnode
_modules\[4mreact-dom[24m\c
js\react-dom-client.developme
nt.js:874:13[90m)[39m
    at performUnitOfWork [90
m(C:\Users\rakpa\Documents\Vi
beMusic\vibe-social\[39mnode
_modules\[4mreact-dom[24m\c
js\react-dom-client.developme
nt.js:17641:22[90m)[39m
    at workLoopSync [90m(C:\
Users\rakpa\Documents\VibeMus
ic\vibe-social\[39mnode_modu
les\[4mreact-dom[24m\cjs\re
act-dom-client.development.js
:17469:41[90m)[39m
    at renderRootSync [90m(C
:\Users\rakpa\Documents\VibeM
usic\vibe-social\[39mnode_mo
dules\[4mreact-dom[24m\cjs\
react-dom-client.development.
js:17450:11[90m)[39m {
  [stack]: [36m[Getter/Sette
r][39m,
  [message]: [32m'This brows
er does not support ResizeObs
erver out of the box. See: ht
tps://github.com/react-spring
/react-use-measure/#resize-ob
server-polyfills'[39m
}

The above error occurred in t
he <CanvasImpl> component.

React will try to recreate th
is component tree from scratc
h using the error boundary yo
u provided, ErrorBoundary.

ErrorBoundary caught: Error: 
This browser does not support
 ResizeObserver out of the bo
x. See: https://github.com/re
act-spring/react-use-measure/
#resize-observer-polyfills
    at Object.S [as default] 
[90m(C:\Users\rakpa\Document
s\VibeMusic\vibe-social\[39m
node_modules\[4mreact-use-me
asure[24m\dist\index.cjs:1:2
50[90m)[39m
    at CanvasImpl [90m(C:\Us
ers\rakpa\Documents\VibeMusic
\vibe-social\[39mnode_module
s\[4m@react-three\fiber[24m
\dist\react-three-fiber.cjs.d
ev.js:69:71[90m)[39m
    at Object.react_stack_bot
tom_frame [90m(C:\Users\rakp
a\Documents\VibeMusic\vibe-so
cial\[39mnode_modules\[4mre
act-dom[24m\cjs\react-dom-cl
ient.development.js:25904:20
[90m)[39m
    at renderWithHooks [90m(
C:\Users\rakpa\Documents\Vibe
Music\vibe-social\[39mnode_m
odules\[4mreact-dom[24m\cjs
\react-dom-client.development
.js:7662:22[90m)[39m
    at updateFunctionComponen
t [90m(C:\Users\rakpa\Docume
nts\VibeMusic\vibe-social\[3
9mnode_modules\[4mreact-dom
[24m\cjs\react-dom-client.dev
elopment.js:10166:19[90m)[3
9m
    at beginWork [90m(C:\Use
rs\rakpa\Documents\VibeMusic\
vibe-social\[39mnode_modules
\[4mreact-dom[24m\cjs\react
-dom-client.development.js:11
778:18[90m)[39m
    at runWithFiberInDEV [90
m(C:\Users\rakpa\Documents\Vi
beMusic\vibe-social\[39mnode
_modules\[4mreact-dom[24m\c
js\react-dom-client.developme
nt.js:874:13[90m)[39m
    at performUnitOfWork [90
m(C:\Users\rakpa\Documents\Vi
beMusic\vibe-social\[39mnode
_modules\[4mreact-dom[24m\c
js\react-dom-client.developme
nt.js:17641:22[90m)[39m
    at workLoopSync [90m(C:\
Users\rakpa\Documents\VibeMus
ic\vibe-social\[39mnode_modu
les\[4mreact-dom[24m\cjs\re
act-dom-client.development.js
:17469:41[90m)[39m
    at renderRootSync [90m(C
:\Users\rakpa\Documents\VibeM
usic\vibe-social\[39mnode_mo
dules\[4mreact-dom[24m\cjs\
react-dom-client.development.
js:17450:11[90m)[39m {
  componentStack: [32m'\n'[
39m +
    [32m'    at CanvasImpl (
C:\\Users\\rakpa\\Documents\\
VibeMusic\\vibe-social\\node_
modules\\@react-three\\fiber\
\dist\\react-three-fiber.cjs.
dev.js:40:3)\n'[39m +
    [32m'    at d (C:\\Users
\\rakpa\\Documents\\VibeMusic
\\vibe-social\\node_modules\\
its-fine\\dist\\index.cjs:1:9
26)\n'[39m +
    [32m'    at Canvas (<ano
nymous>)\n'[39m +
    [32m'    at exports.Keyb
oardControls (C:\\Users\\rakp
a\\Documents\\VibeMusic\\vibe
-social\\node_modules\\@react
-three\\drei\\index.cjs.js:1:
339983)\n'[39m +
    [32m'    at div (<anonym
ous>)\n'[39m +
    [32m'    at WorldCanvas 
(<anonymous>)\n'[39m +
    [32m'    at ErrorBoundar
y (C:/Users/rakpa/Documents/V
ibeMusic/vibe-social/src/comp
onents/ErrorBoundary.jsx:10:5
)\n'[39m +
    [32m'    at div (<anonym
ous>)\n'[39m +
    [32m'    at div (<anonym
ous>)\n'[39m +
    [32m'    at div (<anonym
ous>)\n'[39m +
    [32m'    at Community (C
:/Users/rakpa/Documents/VibeM
usic/vibe-social/src/componen
ts/Community.jsx:14:22)'[39m
}

 [31mÔŁ»[39m src/components/Community.test.jsx [2m([22m[2m2 tests[22m[2m | [22m[31m2 failed[39m[2m)[22m[32m 66[2mms[22m[39m
[31m     [31m├Ś[31m renders community leaderboard[39m[32m 53[2mms[22m[39m
[31m     [31m├Ś[31m lists trending artists[39m[32m 12[2mms[22m[39m

[31mÔÄ»ÔÄ»ÔÄ»ÔÄ»ÔÄ»ÔÄ»ÔÄ»[3
9m[1m[41m Failed Tests 8 [
49m[22m[31mÔÄ»ÔÄ»ÔÄ»ÔÄ»ÔÄ»Ô
Ä»ÔÄ»[39m

[41m[1m FAIL [22m[49m src
/components/Community.test.js
x[2m > [22mCommunity Compon
ent[2m > [22mrenders commun
ity leaderboard
[31m[1mTestingLibraryElemen
tError[22m[39m: Unable to f
ind an element with the text:
 /Top Vibes/i. This could be 
because the text is broken up
 by multiple elements. In thi
s case, you can provide a fun
ction for your text matcher t
o make your matcher more flex
ible.

Ignored nodes: comments, scri
pt, style
[36m<body>[39m
  [36m<div>[39m
    [36m<div[39m
      [33mclass[39m=[32m"c
ommunity-container animate-fa
de h-full flex flex-col"[39m
    [36m>[39m
      [36m<div[39m
        [33mclass[39m=[32m
"community-header flex justif
y-between items-center p-4"[
39m
      [36m>[39m
        [36m<div>[39m
          [36m<h1>[39m
            [0mCommunity Met
averse[0m
          [36m</h1>[39m
          [36m<p>[39m
            [0mExplore the V
ibe World or check the charts
.[0m
          [36m</p>[39m
        [36m</div>[39m
        [36m<div[39m
          [33mclass[39m=[3
2m"view-toggle flex gap-2 bg-
black/30 p-1 rounded-lg"[39m
        [36m>[39m
          [36m<button[39m
            [33mclass[39m=
[32m"p-2 rounded bg-cyan-500 
text-black"[39m
            [33mtitle[39m=
[32m"3D World"[39m
          [36m>[39m
            [36m<svg[39m
              [33maria-hidde
n[39m=[32m"true"[39m
              [33mclass[39m
=[32m"lucide lucide-globe"[
39m
              [33mfill[39m=
[32m"none"[39m
              [33mheight[39
m=[32m"20"[39m
              [33mstroke[39
m=[32m"currentColor"[39m
              [33mstroke-lin
ecap[39m=[32m"round"[39m
              [33mstroke-lin
ejoin[39m=[32m"round"[39m
              [33mstroke-wid
th[39m=[32m"2"[39m
              [33mviewBox[3
9m=[32m"0 0 24 24"[39m
              [33mwidth[39m
=[32m"20"[39m
              [33mxmlns[39m
=[32m"http://www.w3.org/2000
/svg"[39m
            [36m>[39m
              [36m<circle[3
9m
                [33mcx[39m=
[32m"12"[39m
                [33mcy[39m=
[32m"12"[39m
                [33mr[39m=
[32m"10"[39m
              [36m/>[39m
              [36m<path[39m
                [33md[39m=
[32m"M12 2a14.5 14.5 0 0 0 0 
20 14.5 14.5 0 0 0 0-20"[39m
              [36m/>[39m
              [36m<path[39m
                [33md[39m=
[32m"M2 12h20"[39m
              [36m/>[39m
            [36m</svg>[39m
          [36m</button>[39m
          [36m<button[39m
            [33mclass[39m=
[32m"p-2 rounded text-white"
[39m
            [33mtitle[39m=
[32m"Leaderboard"[39m
          [36m>[39m
            [36m<svg[39m
              [33maria-hidde
n[39m=[32m"true"[39m
              [33mclass[39m
=[32m"lucide lucide-list"[3
9m
              [33mfill[39m=
[32m"none"[39m
              [33mheight[39
m=[32m"20"[39m
              [33mstroke[39
m=[32m"currentColor"[39m
              [33mstroke-lin
ecap[39m=[32m"round"[39m
              [33mstroke-lin
ejoin[39m=[32m"round"[39m
              [33mstroke-wid
th[39m=[32m"2"[39m
              [33mviewBox[3
9m=[32m"0 0 24 24"[39m
              [33mwidth[39m
=[32m"20"[39m
              [33mxmlns[39m
=[32m"http://www.w3.org/2000
/svg"[39m
            [36m>[39m
              [36m<path[39m
                [33md[39m=
[32m"M3 5h.01"[39m
              [36m/>[39m
              [36m<path[39m
                [33md[39m=
[32m"M3 12h.01"[39m
              [36m/>[39m
              [36m<path[39m
                [33md[39m=
[32m"M3 19h.01"[39m
              [36m/>[39m
              [36m<path[39m
                [33md[39m=
[32m"M8 5h13"[39m
              [36m/>[39m
              [36m<path[39m
                [33md[39m=
[32m"M8 12h13"[39m
              [36m/>[39m
              [36m<path[39m
                [33md[39m=
[32m"M8 19h13"[39m
              [36m/>[39m
            [36m</svg>[39m
          [36m</button>[39m
        [36m</div>[39m
      [36m</div>[39m
      [36m<div[39m
        [33mclass[39m=[32m
"flex-1 relative overflow-hid
den"[39m
      [36m>[39m
        [36m<div[39m
          [33mclass[39m=[3
2m"w-full h-full absolute ins
et-0"[39m
        [36m>[39m
          [36m<div[39m
            [33mclass[39m=
[32m"error-boundary-container
"[39m
          [36m>[39m
            [36m<div[39m
              [33mclass[39m
=[32m"error-card glass"[39m
            [36m>[39m
              [36m<div[39m
                [33mclass[3
9m=[32m"error-icon"[39m
              [36m>[39m
                [0mÔÜá´ŞĆ[0
m
              [36m</div>[39
m
              [36m<h1>[39m
                [0mOops! Som
ething went wrong[0m
              [36m</h1>[39m
              [36m<p>[39m
                [0mWe're sor
ry for the inconvenience. The
 error has been logged.[0m
              [36m</p>[39m
              [36m<button[3
9m
                [33mclass[3
9m=[32m"retry-btn"[39m
              [36m>[39m
                [0mReload Pa
ge[0m
              [36m</button>
[39m
              [36m<details[
39m
                [33mclass[3
9m=[32m"error-details"[39m
              [36m>[39m
                [36m<summary
>[39m
                  [0mError D
etails (Dev Only)[0m
                [36m</summar
y>[39m
                [36m<pre>[3
9m
                  [0mError: 
This browser does not support
 ResizeObserver out of the bo
x. See: https://github.com/re
act-spring/react-use-measure/
#resize-observer-polyfills[0
m
                [36m</pre>[
39m
                [36m<pre>[3
9m
                  [0m
    at CanvasImpl (C:\Users\r
akpa\Documents\VibeMusic\vibe
-social\node_modules\@react-t
hree\fiber\dist\react-three-f
iber.cjs.dev.js:40:3)
    at d (C:\Users\rakpa\Docu
ments\VibeMusic\vibe-social\n
ode_modules\its-fine\dist\ind
ex.cjs:1:926)
    at Canvas (&lt;anonymous&
gt;)
    at exports.KeyboardContro
ls (C:\Users\rakpa\Documents\
VibeMusic\vibe-social\node_mo
dules\@react-three\drei\index
.cjs.js:1:339983)
    at div (&lt;anonymous&gt;
)
    at WorldCanvas (&lt;anony
mous&gt;)
    at ErrorBoundary (C:/User
s/rakpa/Documents/VibeMusic/v
ibe-social/src/components/Err
orBoundary.jsx:10:5)
    at div (&lt;anonymous&gt;
)
    at div (&lt;anonymous&gt;
)
    at div (&lt;anonymous&gt;
)
    at Community (C:/Users/ra
kpa/Documents/VibeMusic/vibe-
social/src/components/Communi
ty.jsx:14:22)[0m
                [36m</pre>[
39m
              [36m</details>
[39m
            [36m</div>[39m
          [36m</div>[39m
        [36m</div>[39m
      [36m</div>[39m
    [36m</div>[39m
  [36m</div>[39m
[36m</body>[39m
[90m [2mÔŁ»[22m CanvasImpl
 node_modules/@react-three/fi
ber/dist/react-three-fiber.cj
s.dev.js:[2m40:3[22m[39m
[90m [2mÔŁ»[22m d node_mod
ules/its-fine/dist/index.cjs:
[2m1:926[22m[39m
[90m [2mÔŁ»[22m exports.Ke
yboardControls node_modules/@
react-three/drei/index.cjs.js
:[2m1:339983[22m[39m
[36m [2mÔŁ»[22m ErrorBound
ary src/components/ErrorBound
ary.jsx:[2m10:5[22m[39m
    [90m  8| [39m    }
    [90m  9| [39m
    [90m 10| [39m    [35ms
tatic[39m [34mgetDerivedSta
teFromError[39m(error) {
    [90m   | [39m    [31m^
[39m
    [90m 11| [39m        [
35mreturn[39m { hasError[33
m:[39m [35mtrue[39m }[33m
;[39m
    [90m 12| [39m    }
[90m [2mÔŁ»[22m Object.get
ElementError node_modules/@te
sting-library/dom/dist/config
.js:[2m37:19[22m[39m
[90m [2mÔŁ»[22m node_modul
es/@testing-library/dom/dist/
query-helpers.js:[2m76:38[2
2m[39m
[90m [2mÔŁ»[22m node_modul
es/@testing-library/dom/dist/
query-helpers.js:[2m52:17[2
2m[39m
[90m [2mÔŁ»[22m node_modul
es/@testing-library/dom/dist/
query-helpers.js:[2m95:19[2
2m[39m
[90m [2mÔŁ»[22m src/compon
ents/Community.test.jsx:[2m8
:23[22m[39m

[31m[2mÔÄ»ÔÄ»ÔÄ»ÔÄ»ÔÄ»ÔÄ»ÔÄ
»ÔÄ»ÔÄ»ÔÄ»ÔÄ»ÔÄ»ÔÄ»ÔÄ»ÔÄ»ÔÄ»Ô
Ä»ÔÄ»ÔÄ»ÔÄ»ÔÄ»ÔÄ»ÔÄ»ÔÄ»[1/8]Ô
Ä»[22m[39m

[41m[1m FAIL [22m[49m src
/components/Community.test.js
x[2m > [22mCommunity Compon
ent[2m > [22mlists trending
 artists
[31m[1mTestingLibraryElemen
tError[22m[39m: Unable to f
ind an element by: [data-test
id="trending-artists"]

Ignored nodes: comments, scri
pt, style
[36m<body>[39m
  [36m<div>[39m
    [36m<div[39m
      [33mclass[39m=[32m"c
ommunity-container animate-fa
de h-full flex flex-col"[39m
    [36m>[39m
      [36m<div[39m
        [33mclass[39m=[32m
"community-header flex justif
y-between items-center p-4"[
39m
      [36m>[39m
        [36m<div>[39m
          [36m<h1>[39m
            [0mCommunity Met
averse[0m
          [36m</h1>[39m
          [36m<p>[39m
            [0mExplore the V
ibe World or check the charts
.[0m
          [36m</p>[39m
        [36m</div>[39m
        [36m<div[39m
          [33mclass[39m=[3
2m"view-toggle flex gap-2 bg-
black/30 p-1 rounded-lg"[39m
        [36m>[39m
          [36m<button[39m
            [33mclass[39m=
[32m"p-2 rounded bg-cyan-500 
text-black"[39m
            [33mtitle[39m=
[32m"3D World"[39m
          [36m>[39m
            [36m<svg[39m
              [33maria-hidde
n[39m=[32m"true"[39m
              [33mclass[39m
=[32m"lucide lucide-globe"[
39m
              [33mfill[39m=
[32m"none"[39m
              [33mheight[39
m=[32m"20"[39m
              [33mstroke[39
m=[32m"currentColor"[39m
              [33mstroke-lin
ecap[39m=[32m"round"[39m
              [33mstroke-lin
ejoin[39m=[32m"round"[39m
              [33mstroke-wid
th[39m=[32m"2"[39m
              [33mviewBox[3
9m=[32m"0 0 24 24"[39m
              [33mwidth[39m
=[32m"20"[39m
              [33mxmlns[39m
=[32m"http://www.w3.org/2000
/svg"[39m
            [36m>[39m
              [36m<circle[3
9m
                [33mcx[39m=
[32m"12"[39m
                [33mcy[39m=
[32m"12"[39m
                [33mr[39m=
[32m"10"[39m
              [36m/>[39m
              [36m<path[39m
                [33md[39m=
[32m"M12 2a14.5 14.5 0 0 0 0 
20 14.5 14.5 0 0 0 0-20"[39m
              [36m/>[39m
              [36m<path[39m
                [33md[39m=
[32m"M2 12h20"[39m
              [36m/>[39m
            [36m</svg>[39m
          [36m</button>[39m
          [36m<button[39m
            [33mclass[39m=
[32m"p-2 rounded text-white"
[39m
            [33mtitle[39m=
[32m"Leaderboard"[39m
          [36m>[39m
            [36m<svg[39m
              [33maria-hidde
n[39m=[32m"true"[39m
              [33mclass[39m
=[32m"lucide lucide-list"[3
9m
              [33mfill[39m=
[32m"none"[39m
              [33mheight[39
m=[32m"20"[39m
              [33mstroke[39
m=[32m"currentColor"[39m
              [33mstroke-lin
ecap[39m=[32m"round"[39m
              [33mstroke-lin
ejoin[39m=[32m"round"[39m
              [33mstroke-wid
th[39m=[32m"2"[39m
              [33mviewBox[3
9m=[32m"0 0 24 24"[39m
              [33mwidth[39m
=[32m"20"[39m
              [33mxmlns[39m
=[32m"http://www.w3.org/2000
/svg"[39m
            [36m>[39m
              [36m<path[39m
                [33md[39m=
[32m"M3 5h.01"[39m
              [36m/>[39m
              [36m<path[39m
                [33md[39m=
[32m"M3 12h.01"[39m
              [36m/>[39m
              [36m<path[39m
                [33md[39m=
[32m"M3 19h.01"[39m
              [36m/>[39m
              [36m<path[39m
                [33md[39m=
[32m"M8 5h13"[39m
              [36m/>[39m
              [36m<path[39m
                [33md[39m=
[32m"M8 12h13"[39m
              [36m/>[39m
              [36m<path[39m
                [33md[39m=
[32m"M8 19h13"[39m
              [36m/>[39m
            [36m</svg>[39m
          [36m</button>[39m
        [36m</div>[39m
      [36m</div>[39m
      [36m<div[39m
        [33mclass[39m=[32m
"flex-1 relative overflow-hid
den"[39m
      [36m>[39m
        [36m<div[39m
          [33mclass[39m=[3
2m"w-full h-full absolute ins
et-0"[39m
        [36m>[39m
          [36m<div[39m
            [33mclass[39m=
[32m"error-boundary-container
"[39m
          [36m>[39m
            [36m<div[39m
              [33mclass[39m
=[32m"error-card glass"[39m
            [36m>[39m
              [36m<div[39m
                [33mclass[3
9m=[32m"error-icon"[39m
              [36m>[39m
                [0mÔÜá´ŞĆ[0
m
              [36m</div>[39
m
              [36m<h1>[39m
                [0mOops! Som
ething went wrong[0m
              [36m</h1>[39m
              [36m<p>[39m
                [0mWe're sor
ry for the inconvenience. The
 error has been logged.[0m
              [36m</p>[39m
              [36m<button[3
9m
                [33mclass[3
9m=[32m"retry-btn"[39m
              [36m>[39m
                [0mReload Pa
ge[0m
              [36m</button>
[39m
              [36m<details[
39m
                [33mclass[3
9m=[32m"error-details"[39m
              [36m>[39m
                [36m<summary
>[39m
                  [0mError D
etails (Dev Only)[0m
                [36m</summar
y>[39m
                [36m<pre>[3
9m
                  [0mError: 
This browser does not support
 ResizeObserver out of the bo
x. See: https://github.com/re
act-spring/react-use-measure/
#resize-observer-polyfills[0
m
                [36m</pre>[
39m
                [36m<pre>[3
9m
                  [0m
    at CanvasImpl (C:\Users\r
akpa\Documents\VibeMusic\vibe
-social\node_modules\@react-t
hree\fiber\dist\react-three-f
iber.cjs.dev.js:40:3)
    at d (C:\Users\rakpa\Docu
ments\VibeMusic\vibe-social\n
ode_modules\its-fine\dist\ind
ex.cjs:1:926)
    at Canvas (&lt;anonymous&
gt;)
    at exports.KeyboardContro
ls (C:\Users\rakpa\Documents\
VibeMusic\vibe-social\node_mo
dules\@react-three\drei\index
.cjs.js:1:339983)
    at div (&lt;anonymous&gt;
)
    at WorldCanvas (&lt;anony
mous&gt;)
    at ErrorBoundary (C:/User
s/rakpa/Documents/VibeMusic/v
ibe-social/src/components/Err
orBoundary.jsx:10:5)
    at div (&lt;anonymous&gt;
)
    at div (&lt;anonymous&gt;
)
    at div (&lt;anonymous&gt;
)
    at Community (C:/Users/ra
kpa/Documents/VibeMusic/vibe-
social/src/components/Communi
ty.jsx:14:22)[0m
                [36m</pre>[
39m
              [36m</details>
[39m
            [36m</div>[39m
          [36m</div>[39m
        [36m</div>[39m
      [36m</div>[39m
    [36m</div>[39m
  [36m</div>[39m
[36m</body>[39m
[90m [2mÔŁ»[22m CanvasImpl
 node_modules/@react-three/fi
ber/dist/react-three-fiber.cj
s.dev.js:[2m40:3[22m[39m
[90m [2mÔŁ»[22m d node_mod
ules/its-fine/dist/index.cjs:
[2m1:926[22m[39m
[90m [2mÔŁ»[22m exports.Ke
yboardControls node_modules/@
react-three/drei/index.cjs.js
:[2m1:339983[22m[39m
[36m [2mÔŁ»[22m ErrorBound
ary src/components/ErrorBound
ary.jsx:[2m10:5[22m[39m
    [90m  8| [39m    }
    [90m  9| [39m
    [90m 10| [39m    [35ms
tatic[39m [34mgetDerivedSta
teFromError[39m(error) {
    [90m   | [39m    [31m^
[39m
    [90m 11| [39m        [
35mreturn[39m { hasError[33
m:[39m [35mtrue[39m }[33m
;[39m
    [90m 12| [39m    }
[90m [2mÔŁ»[22m Object.get
ElementError node_modules/@te
sting-library/dom/dist/config
.js:[2m37:19[22m[39m
[90m [2mÔŁ»[22m node_modul
es/@testing-library/dom/dist/
query-helpers.js:[2m76:38[2
2m[39m
[90m [2mÔŁ»[22m node_modul
es/@testing-library/dom/dist/
query-helpers.js:[2m52:17[2
2m[39m
[90m [2mÔŁ»[22m node_modul
es/@testing-library/dom/dist/
query-helpers.js:[2m95:19[2
2m[39m
[90m [2mÔŁ»[22m src/compon
ents/Community.test.jsx:[2m1
3:37[22m[39m

[31m[2mÔÄ»ÔÄ»ÔÄ»ÔÄ»ÔÄ»ÔÄ»ÔÄ
»ÔÄ»ÔÄ»ÔÄ»ÔÄ»ÔÄ»ÔÄ»ÔÄ»ÔÄ»ÔÄ»Ô
Ä»ÔÄ»ÔÄ»ÔÄ»ÔÄ»ÔÄ»ÔÄ»ÔÄ»[2/8]Ô
Ä»[22m[39m

[41m[1m FAIL [22m[49m src
/components/Feed.test.jsx[2m
 > [22mFeed Component[2m > 
[22mrenders a list of track 
cards
[31m[1mTestingLibraryElemen
tError[22m[39m: Unable to f
ind an element by: [data-test
id="track-card"]

Ignored nodes: comments, scri
pt, style
[36m<body>[39m
  [36m<div>[39m
    [36m<div[39m
      [33mclass[39m=[32m"f
eed-container"[39m
    [36m>[39m
      [36m<div[39m
        [33mclass[39m=[32m
"feed-header"[39m
      [36m>[39m
        [36m<h1>[39m
          [0mFeed[0m
        [36m</h1>[39m
        [36m<div[39m
          [33mclass[39m=[3
2m"feed-tabs"[39m
        [36m>[39m
          [36m<span[39m
            [33mclass[39m=
[32m"active"[39m
          [36m>[39m
            [0mFor You[0m
          [36m</span>[39m
          [36m<span>[39m
            [0mFollowing[0m
          [36m</span>[39m
        [36m</div>[39m
      [36m</div>[39m
      [36m<div[39m
        [33mclass[39m=[32m
"track-list"[39m
      [36m>[39m
        [36m<div[39m
          [33mclass[39m=[3
2m"track-card glass animate-f
ade"[39m
        [36m>[39m
          [36m<div[39m
            [33mclass[39m=
[32m"track-main"[39m
          [36m>[39m
            [36m<div[39m
              [33mclass[39m
=[32m"track-header"[39m
            [36m>[39m
              [36m<div[39m
                [33mclass[3
9m=[32m"track-art-small"[39
m
              [36m/>[39m
              [36m<div[39m
                [33mclass[3
9m=[32m"track-info"[39m
              [36m>[39m
                [36m<h3>[39
m
                  [0mCyberne
tic Soul[0m
                [36m</h3>[3
9m
                [36m<p>[39m
                  [0mEON[0m
                [36m</p>[39
m
              [36m</div>[39
m
            [36m</div>[39m
            [36m<div[39m
              [33mclass[39m
=[32m"waveform"[39m
            [36m>[39m
              [36m<div[39m
                [33mclass[3
9m=[32m"wave-bar"[39m
                [33mstyle[3
9m=[32m"height: 65.889820838
09077%;"[39m
              [36m/>[39m
              [36m<div[39m
                [33mclass[3
9m=[32m"wave-bar"[39m
                [33mstyle[3
9m=[32m"height: 91.412262238
44886%;"[39m
              [36m/>[39m
              [36m<div[39m
                [33mclass[3
9m=[32m"wave-bar"[39m
                [33mstyle[3
9m=[32m"height: 48.541775295
24163%;"[39m
              [36m/>[39m
              [36m<div[39m
                [33mclass[3
9m=[32m"wave-bar"[39m
                [33mstyle[3
9m=[32m"height: 67.359903185
40075%;"[39m
              [36m/>[39m
              [36m<div[39m
                [33mclass[3
9m=[32m"wave-bar"[39m
                [33mstyle[3
9m=[32m"height: 78.639651527
47173%;"[39m
              [36m/>[39m
              [36m<div[39m
                [33mclass[3
9m=[32m"wave-bar"[39m
                [33mstyle[3
9m=[32m"height: 85.217747047
46264%;"[39m
              [36m/>[39m
              [36m<div[39m
                [33mclass[3
9m=[32m"wave-bar"[39m
                [33mstyle[3
9m=[32m"height: 70.890744310
5954%;"[39m
              [36m/>[39m
              [36m<div[39m
                [33mclass[3
9m=[32m"wave-bar"[39m
                [33mstyle[3
9m=[32m"height: 16.133585857
415667%;"[39m
              [36m/>[39m
              [36m<div[39m
                [33mclass[3
9m=[32m"wave-bar"[39m
                [33mstyle[3
9m=[32m"height: 96.272759617
32168%;"[39m
              [36m/>[39m
              [36m<div[39m
                [33mclass[3
9m=[32m"wave-bar"[39m
                [33mstyle[3
9m=[32m"height: 7.2273350191
497165%;"[39m
              [36m/>[39m
              [36m<div[39m
                [33mclass[3
9m=[32m"wave-bar"[39m
                [33mstyle[3
9m=[32m"height: 90.086996667
88488%;"[39m
              [36m/>[39m
              [36m<div[39m
                [33mclass[3
9m=[32m"wave-bar"[39m
                [33mstyle[3
9m=[32m"height: 7.1410167191
95925%;"[39m
              [36m/>[39m
              [36m<div[39m
                [33mclass[3
9m=[32m"wave-bar"[39m
                [33mstyle[3
9m=[32m"height: 37.956793138
37079%;"[39m
              [36m/>[39m
              [36m<div[39m
                [33mclass[3
9m=[32m"wave-bar"[39m
                [33mstyle[3
9m=[32m"height: 34.930696059
13569%;"[39m
              [36m/>[39m
              [36m<div[39m
                [33mclass[3
9m=[32m"wave-bar"[39m
                [33mstyle[3
9m=[32m"height: 94.648740163
31412%;"[39m
              [36m/>[39m
              [36m<div[39m
                [33mclass[3
9m=[32m"wave-bar"[39m
                [33mstyle[3
9m=[32m"height: 11.444410235
834113%;"[39m
              [36m/>[39m
              [36m<div[39m
                [33mclass[3
9m=[32m"wave-bar"[39m
                [33mstyle[3
9m=[32m"height: 6.7673086341
02065%;"[39m
              [36m/>[39m
              [36m<div[39m
                [33mclass[3
9m=[32m"wave-bar"[39m
                [33mstyle[3
9m=[32m"height: 66.215856634
52821%;"[39m
              [36m/>[39m
              [36m<div[39m
                [33mclass[3
9m=[32m"wave-bar"[39m
                [33mstyle[3
9m=[32m"height: 27.554023189
018316%;"[39m
              [36m/>[39m
              [36m<div[39m
                [33mclass[3
9m=[32m"wave-bar"[39m
                [33mstyle[3
9m=[32m"height: 62.737373242
46705%;"[39m
              [36m/>[39m
              [36m<div[39m
                [33mclass[3
9m=[32m"wave-bar"[39m
                [33mstyle[3
9m=[32m"height: 75.092234005
27108%;"[39m
              [36m/>[39m
              [36m<div[39m
                [33mclass[3
9m=[32m"wave-bar"[39m
                [33mstyle[3
9m=[32m"height: 83.762356209
93232%;"[39m
              [36m/>[39m
              [36m<div[39m
                [33mclass[3
9m=[32m"wave-bar"[39m
                [33mstyle[3
9m=[32m"height: 73.912378186
14044%;"[39m
              [36m/>[39m
              [36m<div[39m
                [33mclass[3
9m=[32m"wave-bar"[39m
                [33mstyle[3
9m=[32m"height: 54.856358804
65086%;"[39m
              [36m/>[39m
              [36m<div[39m
                [33mclass[3
9m=[32m"wave-bar"[39m
                [33mstyle[3
9m=[32m"height: 77.735828903
94405%;"[39m
              [36m/>[39m
              [36m<div[39m
                [33mclass[3
9m=[32m"wave-bar"[39m
                [33mstyle[3
9m=[32m"height: 89.606722353
13535%;"[39m
              [36m/>[39m
              [36m<div[39m
                [33mclass[3
9m=[32m"wave-bar"[39m
                [33mstyle[3
9m=[32m"height: 56.546899054
74645%;"[39m
              [36m/>[39m
              [36m<div[39m
                [33mclass[3
9m=[32m"wave-bar"[39m
                [33mstyle[3
9m=[32m"height: 97.872824183
27537%;"[39m
              [36m/>[39m
              [36m<div[39m
                [33mclass[3
9m=[32m"wave-bar"[39m
                [33mstyle[3
9m=[32m"height: 93.073815295
71501%;"[39m
              [36m/>[39m
              [36m<div[39m
                [33mclass[3
9m=[32m"wave-bar"[39m
                [33mstyle[3
9...
[90m [2mÔŁ»[22m Object.get
ElementError node_modules/@te
sting-library/dom/dist/config
.js:[2m37:19[22m[39m
[90m [2mÔŁ»[22m node_modul
es/@testing-library/dom/dist/
query-helpers.js:[2m76:38[2
2m[39m
[90m [2mÔŁ»[22m node_modul
es/@testing-library/dom/dist/
query-helpers.js:[2m109:15[
22m[39m
[36m [2mÔŁ»[22m src/compon
ents/Feed.test.jsx:[2m13:35
[22m[39m
    [90m 11| [39m    [34mi
t[39m([32m'renders a list o
f track cards'[39m[33m,[39
m () [33m=>[39m {
    [90m 12| [39m        [
34mrender[39m([33m<[39m[3
3mFeed[39m [33m/[39m[33m>
[39m)[33m;[39m
    [90m 13| [39m        [
35mconst[39m trackCards [33
m=[39m screen[33m.[39m[34
mgetAllByTestId[39m([32m'tr
ack-card'[39m)[33m;[39m
    [90m   | [39m          
                        [31m
^[39m
    [90m 14| [39m        [
34mexpect[39m(trackCards[33
m.[39mlength)[33m.[39m[34
mtoBeGreaterThan[39m([34m0
[39m)[33m;[39m
    [90m 15| [39m    })[33
m;[39m

[31m[2mÔÄ»ÔÄ»ÔÄ»ÔÄ»ÔÄ»ÔÄ»ÔÄ
»ÔÄ»ÔÄ»ÔÄ»ÔÄ»ÔÄ»ÔÄ»ÔÄ»ÔÄ»ÔÄ»Ô
Ä»ÔÄ»ÔÄ»ÔÄ»ÔÄ»ÔÄ»ÔÄ»ÔÄ»[3/8]Ô
Ä»[22m[39m

[41m[1m FAIL [22m[49m src
/components/Player.test.jsx[
2m > [22mPlayer Component[2
m > [22mrenders the current 
track info
[31m[1mTestingLibraryElemen
tError[22m: Unable to find a
n element with the text: /Now
 Playing/i. This could be bec
ause the text is broken up by
 multiple elements. In this c
ase, you can provide a functi
on for your text matcher to m
ake your matcher more flexibl
e.

Ignored nodes: comments, scri
pt, style
[36m<body>[31m
  [36m<div />[31m
[36m</body>[31m[39m
[90m [2mÔŁ»[22m Object.get
ElementError node_modules/@te
sting-library/dom/dist/config
.js:[2m37:19[22m[39m
[90m [2mÔŁ»[22m node_modul
es/@testing-library/dom/dist/
query-helpers.js:[2m76:38[2
2m[39m
[90m [2mÔŁ»[22m node_modul
es/@testing-library/dom/dist/
query-helpers.js:[2m52:17[2
2m[39m
[90m [2mÔŁ»[22m node_modul
es/@testing-library/dom/dist/
query-helpers.js:[2m95:19[2
2m[39m
[36m [2mÔŁ»[22m src/compon
ents/Player.test.jsx:[2m8:23
[22m[39m
    [90m  6| [39m    [34mi
t[39m([32m'renders the curr
ent track info'[39m[33m,[3
9m () [33m=>[39m {
    [90m  7| [39m        re
nder(<Player currentTrack={{ 
title: 'Test Track', artist: 
'TÔÇŽ
    [90m  8| [39m        [
34mexpect[39m(screen[33m.[
39m[34mgetByText[39m([36m/
Now Playing/i[39m))[33m.[3
9m[34mtoBeInTheDocument[39m
()[33m;[39m
    [90m   | [39m          
            [31m^[39m
    [90m  9| [39m        [
34mexpect[39m(screen[33m.[
39m[34mgetByText[39m([36m/
Test Track/i[39m))[33m.[39
m[34mtoBeInTheDocument[39m(
)[33m;[39m
    [90m 10| [39m    })[33
m;[39m

[31m[2mÔÄ»ÔÄ»ÔÄ»ÔÄ»ÔÄ»ÔÄ»ÔÄ
»ÔÄ»ÔÄ»ÔÄ»ÔÄ»ÔÄ»ÔÄ»ÔÄ»ÔÄ»ÔÄ»Ô
Ä»ÔÄ»ÔÄ»ÔÄ»ÔÄ»ÔÄ»ÔÄ»ÔÄ»[4/8]Ô
Ä»[22m[39m

[41m[1m FAIL [22m[49m src
/components/Player.test.jsx[
2m > [22mPlayer Component[2
m > [22mcontains play and sk
ip controls
[31m[1mTestingLibraryElemen
tError[22m: Unable to find a
 label with the text of: /pla
y/i

Ignored nodes: comments, scri
pt, style
[36m<body>[31m
  [36m<div />[31m
[36m</body>[31m[39m
[90m [2mÔŁ»[22m Object.get
ElementError node_modules/@te
sting-library/dom/dist/config
.js:[2m37:19[22m[39m
[90m [2mÔŁ»[22m getAllByLa
belText node_modules/@testing
-library/dom/dist/queries/lab
el-text.js:[2m111:38[22m[3
9m
[90m [2mÔŁ»[22m node_modul
es/@testing-library/dom/dist/
query-helpers.js:[2m52:17[2
2m[39m
[90m [2mÔŁ»[22m node_modul
es/@testing-library/dom/dist/
query-helpers.js:[2m95:19[2
2m[39m
[36m [2mÔŁ»[22m src/compon
ents/Player.test.jsx:[2m14:2
3[22m[39m
    [90m 12| [39m    [34mi
t[39m([32m'contains play an
d skip controls'[39m[33m,[
39m () [33m=>[39m {
    [90m 13| [39m        re
nder(<Player currentTrack={{ 
title: 'Test Track', artist: 
'TÔÇŽ
    [90m 14| [39m        [
34mexpect[39m(screen[33m.[
39m[34mgetByLabelText[39m(
[36m/play/i[39m))[33m.[39m
[34mtoBeInTheDocument[39m()
[33m;[39m
    [90m   | [39m          
            [31m^[39m
    [90m 15| [39m        [
34mexpect[39m(screen[33m.[
39m[34mgetByLabelText[39m(
[36m/next/i[39m))[33m.[39m
[34mtoBeInTheDocument[39m()
[33m;[39m
    [90m 16| [39m    })[33
m;[39m

[31m[2mÔÄ»ÔÄ»ÔÄ»ÔÄ»ÔÄ»ÔÄ»ÔÄ
»ÔÄ»ÔÄ»ÔÄ»ÔÄ»ÔÄ»ÔÄ»ÔÄ»ÔÄ»ÔÄ»Ô
Ä»ÔÄ»ÔÄ»ÔÄ»ÔÄ»ÔÄ»ÔÄ»ÔÄ»[5/8]Ô
Ä»[22m[39m

[41m[1m FAIL [22m[49m src
/components/Shop.test.jsx[2m
 > [22mShop Component[2m > 
[22mrenders point packages
[31m[1mTestingLibraryElemen
tError[22m[39m: Unable to f
ind an element with the text:
 /Vibe Shop/i. This could be 
because the text is broken up
 by multiple elements. In thi
s case, you can provide a fun
ction for your text matcher t
o make your matcher more flex
ible.

Ignored nodes: comments, scri
pt, style
[36m<body>[39m
  [36m<div>[39m
    [36m<div[39m
      [33mclass[39m=[32m"s
hop-container animate-fade"[
39m
    [36m>[39m
      [36m<div[39m
        [33mclass[39m=[32m
"shop-header"[39m
      [36m>[39m
        [36m<h1>[39m
          [0mSupport Our Wor
k[0m
        [36m</h1>[39m
        [36m<p>[39m
          [0mOne-time contri
butions to fuel the platform 
and your career. No subscript
ions.[0m
        [36m</p>[39m
      [36m</div>[39m
      [36m<div[39m
        [33mclass[39m=[32m
"package-grid support-grid"[
39m
      [36m>[39m
        [36m<div[39m
          [33mclass[39m=[3
2m"package-card glass   "[39
m
        [36m>[39m
          [36m<div[39m
            [33mclass[39m=
[32m"tier-icon-wrapper"[39m
          [36m>[39m
            [36m<svg[39m
              [33maria-hidde
n[39m=[32m"true"[39m
              [33mclass[39m
=[32m"lucide lucide-heart ac
cent-red"[39m
              [33mfill[39m=
[32m"none"[39m
              [33mheight[39
m=[32m"32"[39m
              [33mstroke[39
m=[32m"currentColor"[39m
              [33mstroke-lin
ecap[39m=[32m"round"[39m
              [33mstroke-lin
ejoin[39m=[32m"round"[39m
              [33mstroke-wid
th[39m=[32m"2"[39m
              [33mviewBox[3
9m=[32m"0 0 24 24"[39m
              [33mwidth[39m
=[32m"32"[39m
              [33mxmlns[39m
=[32m"http://www.w3.org/2000
/svg"[39m
            [36m>[39m
              [36m<path[39m
                [33md[39m=
[32m"M2 9.5a5.5 5.5 0 0 1 9.5
91-3.676.56.56 0 0 0 .818 0A5
.49 5.49 0 0 1 22 9.5c0 2.29-
1.5 4-3 5.5l-5.492 5.313a2 2 
0 0 1-3 .019L5 15c-1.5-1.5-3-
3.2-3-5.5"[39m
              [36m/>[39m
            [36m</svg>[39m
          [36m</div>[39m
          [36m<h3>[39m
            [0mSupporter[0m
          [36m</h3>[39m
          [36m<div[39m
            [33mclass[39m=
[32m"price-tag"[39m
          [36m>[39m
            [0m$10[0m
          [36m</div>[39m
          [36m<div[39m
            [33mclass[39m=
[32m"pay-type"[39m
          [36m>[39m
            [0mone-time[0m
          [36m</div>[39m
          [36m<ul[39m
            [33mclass[39m=
[32m"support-features"[39m
          [36m>[39m
            [36m<li>[39m
              [0mFree Licens
e for MASTER! Suit![0m
            [36m</li>[39m
            [36m<li>[39m
              [0mImport 1 Fu
ll Album (One Time)[0m
            [36m</li>[39m
          [36m</ul>[39m
          [36m<button[39m
            [33mclass[39m=
[32m"support-btn red"[39m
          [36m>[39m
            [0mSupport [0m
            [0m$10[0m
          [36m</button>[39m
        [36m</div>[39m
        [36m<div[39m
          [33mclass[39m=[3
2m"package-card glass highlig
ht  "[39m
        [36m>[39m
          [36m<div[39m
            [33mclass[39m=
[32m"tier-icon-wrapper"[39m
          [36m>[39m
            [36m<svg[39m
              [33maria-hidde
n[39m=[32m"true"[39m
              [33mclass[39m
=[32m"lucide lucide-music ac
cent-cyan"[39m
              [33mfill[39m=
[32m"none"[39m
              [33mheight[39
m=[32m"32"[39m
              [33mstroke[39
m=[32m"currentColor"[39m
              [33mstroke-lin
ecap[39m=[32m"round"[39m
              [33mstroke-lin
ejoin[39m=[32m"round"[39m
              [33mstroke-wid
th[39m=[32m"2"[39m
              [33mviewBox[3
9m=[32m"0 0 24 24"[39m
              [33mwidth[39m
=[32m"32"[39m
              [33mxmlns[39m
=[32m"http://www.w3.org/2000
/svg"[39m
            [36m>[39m
              [36m<path[39m
                [33md[39m=
[32m"M9 18V5l12-2v13"[39m
              [36m/>[39m
              [36m<circle[3
9m
                [33mcx[39m=
[32m"6"[39m
                [33mcy[39m=
[32m"18"[39m
                [33mr[39m=
[32m"3"[39m
              [36m/>[39m
              [36m<circle[3
9m
                [33mcx[39m=
[32m"18"[39m
                [33mcy[39m=
[32m"16"[39m
                [33mr[39m=
[32m"3"[39m
              [36m/>[39m
            [36m</svg>[39m
          [36m</div>[39m
          [36m<h3>[39m
            [0mSuper Support
er[0m
          [36m</h3>[39m
          [36m<div[39m
            [33mclass[39m=
[32m"price-tag"[39m
          [36m>[39m
            [0m$20[0m
          [36m</div>[39m
          [36m<div[39m
            [33mclass[39m=
[32m"pay-type"[39m
          [36m>[39m
            [0mone-time[0m
          [36m</div>[39m
          [36m<ul[39m
            [33mclass[39m=
[32m"support-features"[39m
          [36m>[39m
            [36m<li>[39m
              [0mEverything 
in Supporter[0m
            [36m</li>[39m
            [36m<li>[39m
              [0mImport 2 Fu
ll Albums[0m
            [36m</li>[39m
          [36m</ul>[39m
          [36m<button[39m
            [33mclass[39m=
[32m"support-btn cyan"[39m
          [36m>[39m
            [0mSupport [0m
            [0m$20[0m
          [36m</button>[39m
        [36m</div>[39m
        [36m<div[39m
          [33mclass[39m=[3
2m"package-card glass   "[39
m
        [36m>[39m
          [36m<div[39m
            [33mclass[39m=
[32m"tier-icon-wrapper"[39m
          [36m>[39m
            [36m<svg[39m
              [33maria-hidde
n[39m=[32m"true"[39m
              [33mclass[39m
=[32m"lucide lucide-star acc
ent-gold"[39m
              [33mfill[39m=
[32m"none"[39m
              [33mheight[39
m=[32m"32"[39m
              [33mstroke[39
m=[32m"currentColor"[39m
              [33mstroke-lin
ecap[39m=[32m"round"[39m
              [33mstroke-lin
ejoin[39m=[32m"round"[39m
              [33mstroke-wid
th[39m=[32m"2"[39m
              [33mviewBox[3
9m=[32m"0 0 24 24"[39m
              [33mwidth[39m
=[32m"32"[39m
              [33mxmlns[39m
=[32m"http://www.w3.org/2000
/svg"[39m
            [36m>[39m
              [36m<path[39m
                [33md[39m=
[32m"M11.525 2.295a.53.53 0 0
 1 .95 0l2.31 4.679a2.123 2.1
23 0 0 0 1.595 1.16l5.166.756
a.53.53 0 0 1 .294.904l-3.736
 3.638a2.123 2.123 0 0 0-.611
 1.878l.882 5.14a.53.53 0 0 1
-.771.56l-4.618-2.428a2.122 2
.122 0 0 0-1.973 0L6.396 21.0
1a.53.53 0 0 1-.77-.56l.881-5
.139a2.122 2.122 0 0 0-.611-1
.879L2.16 9.795a.53.53 0 0 1 
.294-.906l5.165-.755a2.122 2.
122 0 0 0 1.597-1.16z"[39m
              [36m/>[39m
            [36m</svg>[39m
          [36m</div>[39m
          [36m<h3>[39m
            [0mMega Supporte
r[0m
          [36m</h3>[39m
          [36m<div[39m
            [33mclass[39m=
[32m"price-tag"[39m
          [36m>[39m
            [0m$30[0m
          [36m</div>[39m
          [36m<div[39m
            [33mclass[39m=
[32m"pay-type"[39m
          [36m>[39m
            [0mone-time[0m
          [36m</div>[39m
          [36m<ul[39m
            [33mclass[39m=
[32m"support-features"[39m
          [36m>[39m
            [36m<li>[39m
              [0mEverything 
in Supporter[0m
            [36m</li>[39m
            [36m<li>[39m
              [0mImport 3 Fu
ll Albums[0m
            [36m</li>[39m
          [36m</ul>[39m
          [36m<button[39m
            [33mclass[39m=
[32m"support-btn gold"[39m
          [36m>[39m
            [0mSupport [0m
            [0m$30[0m
          [36m</button>[39m
        [36m</div>[39m
        [36m<div[39m
          [33mclass[39m=[3
2m"package-card glass  premiu
m "[39m
        [36m>[39m
          [36m<div[39m
            [33mclass[39m=
[32m"badge"[39m
          [36m>[39m
            [0mLEGEND[0m
          [36m</div>[39m
          [36m<div[39m
            [33mclass[39m=
[32m"tier-icon-wrapper"[39m
          [36m>[39m
            [36m<svg[39m
              [33maria-hidde
n[39m=[32m"true"[39m
              [33mclass[39m
=[32m"lucide lucide-crown ac
cent-purple"[39m
              [33mfill[39m=
[32m"none"[39m
              [33mheight[39
m=[32m"32"[39m
              [33mstroke[39
m=[32m"currentColor"[39m
              [33mstroke-lin
ecap[39m=[32m"round"[39m
              [33mstroke-lin
ejoin[39m=[32m"round"[39m
              [33mstroke-wid
th[39m=[32m"2"[39m
              [33mviewBox[3
9m=[32m"0 0 24 24"[39m
              [33mwidth[39m
=[32m"32"[39m
              [33mxmlns[39m
=[32m"http://www.w3.org/2000
/svg"[39m
            [36m>[39m
              [36m<path[39m
                [33md[39m=
[32m"M11.562 3.266a.5.5 0 0 1
 .876 0L15.39 8.87a1 1 0 0 0 
1.516.294L21.183 5.5a.5.5 0 0
 1 .798.519l-2.834 10.246a1 1
 0 0 1-.956.734H5.81a1 1 0 0 
1-.957-.734L2.02 6.02a.5.5 0 
0 1 .798-.519l4.276 3.664a1 1
 0 0 0 1.516-.294z"[39m
              [36m/>[39m
              [36m<path[39m
                [33md[39m=
[32m"M5 21h14"[39m
              [36m/>[39m
            [36m</svg>[39m
          [36m</div>[39m
          [36m<h3>[39m
            [0mGargantuan Su
pporter[0m
          [36m</h3>[39m
          [36m<div[39m
            [33mclass[39m=
[32m"price-tag"[39m
          [36m>[39m
            [0m$100[0m
          [36m</div>[39m
          [36m<div[39m
            [33mclass[39m=
[32m"pay-type"[39m
          [36m>[39m
            [0mone-time[0m
          [36m</div>[39m
          [36m<ul[39m
            [33mclass[39m=
[32m"support-features"[39m
          [36m>[39m
            [36m<li>[39m
              [0mAll Previou
s Benefits[0m
            [36m</li>[39m
            [36m<li>[39m
              [0mTop of Char
ts Placement (1 Week)[0m
            [36m</li>[39m
            [36m<li>[39m
              [0mHighlighted
 Profile[0m
            [36m</li>[39m
          [36m</ul>[39m
          [36m<button[39m
            [33mclass[39m=
[32m"support-btn purple"[39m
          [36m>[39m
            [0mSupport [0m
            [0m$100[0m
          [36m</button>[39m
        [36m</div>[39m
        [36m<div[39m
          [33mclass[39m=[3
2m"package-card glass   absol
ute-tier"[39m
        [36m>[39m
          [36m<div[39m
            [33mclass[39m=
[32m"badge absolute-badge"[3
9m
          [36m>[39m
            [0mGODLIKE[0m
          [36m</div>[39m
          [36m<div[39m
            [33mclass[39m=
[32m"tier-icon-wrapper"[39m
          [36m>[39m
            [36m<svg[39m
              [33maria-hidde
n[39m=[32m"true"[39m
              [33mclass[39m
=[32m"lucide lucide-gift rai
nbow-text"[39m
              [33mfill[39m=
[32m"none"[39m
              [33mheight[39
m=[32m"40"[39m
              [33mstroke[39
m=[32m"currentColor"[39m
              [33mstroke-lin
ecap[39m=[32m"round"[39m
              [33mstroke-lin
ejoin[39m=[32m"round"[39m
              [33mstroke-wid
th[39m=[32m"2"[39m
              [33mviewBox[3
9m=[32m"0 0 24 24"[39m
              [33mwidth[39m
=[32m"40"[39m
              [33mxmlns[39m
=[32m"http://www.w3.org/2000
/svg"[39m
            [36m>[39m
              [36m<rect[39m
                [33mheight[
39m=[32m"4"[39m
                [33mrx[39m=
[32m"1"[39m
                [33mwidth[3
9m=[32m"18"[39m
                [33mx[39m=
[32m"3"[39m
                [33my[39m=
[32m"8"[39m
              [36m/>[39m
              [36m<path[39m
                [33md[39m=
[32m"M12 8v13"[39m
              [36m/>[39m
              [36m<path[39m
                [33md[39m=
[32m"M19 12v7a2 2 0 0 1-2 2H7
a2 2 0 0 1-2-2v-7"[39m
              [36m/>[39m
              [36m<path[39m
                [33md[39m=
[32m"M7.5 8a2.5 2.5 0 0 1 0-5
A4.8 8 0 0 1 12 8a4.8 8 0 0 1
 4.5-5 2.5 2.5 0 0 1 0 5"[39
m
              [36m/>[39m
            [36m</svg>[39m
          [36m</div>[39m
          [36m<h3>[39m
            [0mABSOLUTE SUPP
ORTER[0m
          [36m</h3>[39m
          [36m<div[39m
            [33mclass[39m=
[32m"price-tag"[39m
          [36m>[39m
            [0m$1000[0m
          [36m</div>[39m
          [36m<div[39m
            [33mclass[39m=
[32m"pay-type"[39m
          [36m>[39m
            [0mone-time[0m
          [36m</div>[39m
          [36m<ul[39m
            [33mclass[39m=
[32m"support-features"[39m
          [36m>[39m
            [36m<li>[39m
              [0m10 Albums o
n Main Page[0m
            [36m</li>[39m
            [36m<li>[39m
              [0mMusic Video
 Gen Tools Access[0m
            [36m</li>[39m
            [36m<li>[39m
              [0mOwn Music V
ideo Channel[0m
            [36m</li>[39m
            [36m<li>[39m
              [0m5x Custom T
-Shirts (By Us)[0m
            [36m</li>[39m
            [36m<li>[39m
              [0m10x Custom 
Posters (By Us)[0m
            [36m</li>[39m
          [36m</ul>[39m
          [36m<button[39m
            [33mclass[39m=
[32m"support-btn rainbow"[39
m
          [36m>[39m
            [0mSupport [0m
            [0m$1000[0m
          [36m</button>[39m
        [36m</div>[39m
      [36m</div>[39m
    [36m</div>[39m
  [36m</div>[39m
[36m</body>[39m
[90m [2mÔŁ»[22m Object.get
ElementError node_modules/@te
sting-library/dom/dist/config
.js:[2m37:19[22m[39m
[90m [2mÔŁ»[22m node_modul
es/@testing-library/dom/dist/
query-helpers.js:[2m76:38[2
2m[39m
[90m [2mÔŁ»[22m node_modul
es/@testing-library/dom/dist/
query-helpers.js:[2m52:17[2
2m[39m
[90m [2mÔŁ»[22m node_modul
es/@testing-library/dom/dist/
query-helpers.js:[2m95:19[2
2m[39m
[36m [2mÔŁ»[22m src/compon
ents/Shop.test.jsx:[2m8:23[
22m[39m
    [90m  6| [39m    [34mi
t[39m([32m'renders point pa
ckages'[39m[33m,[39m () [
33m=>[39m {
    [90m  7| [39m        [
34mrender[39m([33m<[39m[3
3mShop[39m [33m/[39m[33m>
[39m)[33m;[39m
    [90m  8| [39m        [
34mexpect[39m(screen[33m.[
39m[34mgetByText[39m([36m/
Vibe Shop/i[39m))[33m.[39m
[34mtoBeInTheDocument[39m()
[33m;[39m
    [90m   | [39m          
            [31m^[39m
    [90m  9| [39m        [
34mexpect[39m(screen[33m.[
39m[34mgetByText[39m([36m/
50,000/i[39m))[33m.[39m[3
4mtoBeInTheDocument[39m()[3
3m;[39m
    [90m 10| [39m    })[33
m;[39m

[31m[2mÔÄ»ÔÄ»ÔÄ»ÔÄ»ÔÄ»ÔÄ»ÔÄ
»ÔÄ»ÔÄ»ÔÄ»ÔÄ»ÔÄ»ÔÄ»ÔÄ»ÔÄ»ÔÄ»Ô
Ä»ÔÄ»ÔÄ»ÔÄ»ÔÄ»ÔÄ»ÔÄ»ÔÄ»[6/8]Ô
Ä»[22m[39m

[41m[1m FAIL [22m[49m src
/components/Shop.test.jsx[2m
 > [22mShop Component[2m > 
[22mshows the vinyl express 
package
[31m[1mTestingLibraryElemen
tError[22m[39m: Unable to f
ind an element with the text:
 /Vinyl Express/i. This could
 be because the text is broke
n up by multiple elements. In
 this case, you can provide a
 function for your text match
er to make your matcher more 
flexible.

Ignored nodes: comments, scri
pt, style
[36m<body>[39m
  [36m<div>[39m
    [36m<div[39m
      [33mclass[39m=[32m"s
hop-container animate-fade"[
39m
    [36m>[39m
      [36m<div[39m
        [33mclass[39m=[32m
"shop-header"[39m
      [36m>[39m
        [36m<h1>[39m
          [0mSupport Our Wor
k[0m
        [36m</h1>[39m
        [36m<p>[39m
          [0mOne-time contri
butions to fuel the platform 
and your career. No subscript
ions.[0m
        [36m</p>[39m
      [36m</div>[39m
      [36m<div[39m
        [33mclass[39m=[32m
"package-grid support-grid"[
39m
      [36m>[39m
        [36m<div[39m
          [33mclass[39m=[3
2m"package-card glass   "[39
m
        [36m>[39m
          [36m<div[39m
            [33mclass[39m=
[32m"tier-icon-wrapper"[39m
          [36m>[39m
            [36m<svg[39m
              [33maria-hidde
n[39m=[32m"true"[39m
              [33mclass[39m
=[32m"lucide lucide-heart ac
cent-red"[39m
              [33mfill[39m=
[32m"none"[39m
              [33mheight[39
m=[32m"32"[39m
              [33mstroke[39
m=[32m"currentColor"[39m
              [33mstroke-lin
ecap[39m=[32m"round"[39m
              [33mstroke-lin
ejoin[39m=[32m"round"[39m
              [33mstroke-wid
th[39m=[32m"2"[39m
              [33mviewBox[3
9m=[32m"0 0 24 24"[39m
              [33mwidth[39m
=[32m"32"[39m
              [33mxmlns[39m
=[32m"http://www.w3.org/2000
/svg"[39m
            [36m>[39m
              [36m<path[39m
                [33md[39m=
[32m"M2 9.5a5.5 5.5 0 0 1 9.5
91-3.676.56.56 0 0 0 .818 0A5
.49 5.49 0 0 1 22 9.5c0 2.29-
1.5 4-3 5.5l-5.492 5.313a2 2 
0 0 1-3 .019L5 15c-1.5-1.5-3-
3.2-3-5.5"[39m
              [36m/>[39m
            [36m</svg>[39m
          [36m</div>[39m
          [36m<h3>[39m
            [0mSupporter[0m
          [36m</h3>[39m
          [36m<div[39m
            [33mclass[39m=
[32m"price-tag"[39m
          [36m>[39m
            [0m$10[0m
          [36m</div>[39m
          [36m<div[39m
            [33mclass[39m=
[32m"pay-type"[39m
          [36m>[39m
            [0mone-time[0m
          [36m</div>[39m
          [36m<ul[39m
            [33mclass[39m=
[32m"support-features"[39m
          [36m>[39m
            [36m<li>[39m
              [0mFree Licens
e for MASTER! Suit![0m
            [36m</li>[39m
            [36m<li>[39m
              [0mImport 1 Fu
ll Album (One Time)[0m
            [36m</li>[39m
          [36m</ul>[39m
          [36m<button[39m
            [33mclass[39m=
[32m"support-btn red"[39m
          [36m>[39m
            [0mSupport [0m
            [0m$10[0m
          [36m</button>[39m
        [36m</div>[39m
        [36m<div[39m
          [33mclass[39m=[3
2m"package-card glass highlig
ht  "[39m
        [36m>[39m
          [36m<div[39m
            [33mclass[39m=
[32m"tier-icon-wrapper"[39m
          [36m>[39m
            [36m<svg[39m
              [33maria-hidde
n[39m=[32m"true"[39m
              [33mclass[39m
=[32m"lucide lucide-music ac
cent-cyan"[39m
              [33mfill[39m=
[32m"none"[39m
              [33mheight[39
m=[32m"32"[39m
              [33mstroke[39
m=[32m"currentColor"[39m
              [33mstroke-lin
ecap[39m=[32m"round"[39m
              [33mstroke-lin
ejoin[39m=[32m"round"[39m
              [33mstroke-wid
th[39m=[32m"2"[39m
              [33mviewBox[3
9m=[32m"0 0 24 24"[39m
              [33mwidth[39m
=[32m"32"[39m
              [33mxmlns[39m
=[32m"http://www.w3.org/2000
/svg"[39m
            [36m>[39m
              [36m<path[39m
                [33md[39m=
[32m"M9 18V5l12-2v13"[39m
              [36m/>[39m
              [36m<circle[3
9m
                [33mcx[39m=
[32m"6"[39m
                [33mcy[39m=
[32m"18"[39m
                [33mr[39m=
[32m"3"[39m
              [36m/>[39m
              [36m<circle[3
9m
                [33mcx[39m=
[32m"18"[39m
                [33mcy[39m=
[32m"16"[39m
                [33mr[39m=
[32m"3"[39m
              [36m/>[39m
            [36m</svg>[39m
          [36m</div>[39m
          [36m<h3>[39m
            [0mSuper Support
er[0m
          [36m</h3>[39m
          [36m<div[39m
            [33mclass[39m=
[32m"price-tag"[39m
          [36m>[39m
            [0m$20[0m
          [36m</div>[39m
          [36m<div[39m
            [33mclass[39m=
[32m"pay-type"[39m
          [36m>[39m
            [0mone-time[0m
          [36m</div>[39m
          [36m<ul[39m
            [33mclass[39m=
[32m"support-features"[39m
          [36m>[39m
            [36m<li>[39m
              [0mEverything 
in Supporter[0m
            [36m</li>[39m
            [36m<li>[39m
              [0mImport 2 Fu
ll Albums[0m
            [36m</li>[39m
          [36m</ul>[39m
          [36m<button[39m
            [33mclass[39m=
[32m"support-btn cyan"[39m
          [36m>[39m
            [0mSupport [0m
            [0m$20[0m
          [36m</button>[39m
        [36m</div>[39m
        [36m<div[39m
          [33mclass[39m=[3
2m"package-card glass   "[39
m
        [36m>[39m
          [36m<div[39m
            [33mclass[39m=
[32m"tier-icon-wrapper"[39m
          [36m>[39m
            [36m<svg[39m
              [33maria-hidde
n[39m=[32m"true"[39m
              [33mclass[39m
=[32m"lucide lucide-star acc
ent-gold"[39m
              [33mfill[39m=
[32m"none"[39m
              [33mheight[39
m=[32m"32"[39m
              [33mstroke[39
m=[32m"currentColor"[39m
              [33mstroke-lin
ecap[39m=[32m"round"[39m
              [33mstroke-lin
ejoin[39m=[32m"round"[39m
              [33mstroke-wid
th[39m=[32m"2"[39m
              [33mviewBox[3
9m=[32m"0 0 24 24"[39m
              [33mwidth[39m
=[32m"32"[39m
              [33mxmlns[39m
=[32m"http://www.w3.org/2000
/svg"[39m
            [36m>[39m
              [36m<path[39m
                [33md[39m=
[32m"M11.525 2.295a.53.53 0 0
 1 .95 0l2.31 4.679a2.123 2.1
23 0 0 0 1.595 1.16l5.166.756
a.53.53 0 0 1 .294.904l-3.736
 3.638a2.123 2.123 0 0 0-.611
 1.878l.882 5.14a.53.53 0 0 1
-.771.56l-4.618-2.428a2.122 2
.122 0 0 0-1.973 0L6.396 21.0
1a.53.53 0 0 1-.77-.56l.881-5
.139a2.122 2.122 0 0 0-.611-1
.879L2.16 9.795a.53.53 0 0 1 
.294-.906l5.165-.755a2.122 2.
122 0 0 0 1.597-1.16z"[39m
              [36m/>[39m
            [36m</svg>[39m
          [36m</div>[39m
          [36m<h3>[39m
            [0mMega Supporte
r[0m
          [36m</h3>[39m
          [36m<div[39m
            [33mclass[39m=
[32m"price-tag"[39m
          [36m>[39m
            [0m$30[0m
          [36m</div>[39m
          [36m<div[39m
            [33mclass[39m=
[32m"pay-type"[39m
          [36m>[39m
            [0mone-time[0m
          [36m</div>[39m
          [36m<ul[39m
            [33mclass[39m=
[32m"support-features"[39m
          [36m>[39m
            [36m<li>[39m
              [0mEverything 
in Supporter[0m
            [36m</li>[39m
            [36m<li>[39m
              [0mImport 3 Fu
ll Albums[0m
            [36m</li>[39m
          [36m</ul>[39m
          [36m<button[39m
            [33mclass[39m=
[32m"support-btn gold"[39m
          [36m>[39m
            [0mSupport [0m
            [0m$30[0m
          [36m</button>[39m
        [36m</div>[39m
        [36m<div[39m
          [33mclass[39m=[3
2m"package-card glass  premiu
m "[39m
        [36m>[39m
          [36m<div[39m
            [33mclass[39m=
[32m"badge"[39m
          [36m>[39m
            [0mLEGEND[0m
          [36m</div>[39m
          [36m<div[39m
            [33mclass[39m=
[32m"tier-icon-wrapper"[39m
          [36m>[39m
            [36m<svg[39m
              [33maria-hidde
n[39m=[32m"true"[39m
              [33mclass[39m
=[32m"lucide lucide-crown ac
cent-purple"[39m
              [33mfill[39m=
[32m"none"[39m
              [33mheight[39
m=[32m"32"[39m
              [33mstroke[39
m=[32m"currentColor"[39m
              [33mstroke-lin
ecap[39m=[32m"round"[39m
              [33mstroke-lin
ejoin[39m=[32m"round"[39m
              [33mstroke-wid
th[39m=[32m"2"[39m
              [33mviewBox[3
9m=[32m"0 0 24 24"[39m
              [33mwidth[39m
=[32m"32"[39m
              [33mxmlns[39m
=[32m"http://www.w3.org/2000
/svg"[39m
            [36m>[39m
              [36m<path[39m
                [33md[39m=
[32m"M11.562 3.266a.5.5 0 0 1
 .876 0L15.39 8.87a1 1 0 0 0 
1.516.294L21.183 5.5a.5.5 0 0
 1 .798.519l-2.834 10.246a1 1
 0 0 1-.956.734H5.81a1 1 0 0 
1-.957-.734L2.02 6.02a.5.5 0 
0 1 .798-.519l4.276 3.664a1 1
 0 0 0 1.516-.294z"[39m
              [36m/>[39m
              [36m<path[39m
                [33md[39m=
[32m"M5 21h14"[39m
              [36m/>[39m
            [36m</svg>[39m
          [36m</div>[39m
          [36m<h3>[39m
            [0mGargantuan Su
pporter[0m
          [36m</h3>[39m
          [36m<div[39m
            [33mclass[39m=
[32m"price-tag"[39m
          [36m>[39m
            [0m$100[0m
          [36m</div>[39m
          [36m<div[39m
            [33mclass[39m=
[32m"pay-type"[39m
          [36m>[39m
            [0mone-time[0m
          [36m</div>[39m
          [36m<ul[39m
            [33mclass[39m=
[32m"support-features"[39m
          [36m>[39m
            [36m<li>[39m
              [0mAll Previou
s Benefits[0m
            [36m</li>[39m
            [36m<li>[39m
              [0mTop of Char
ts Placement (1 Week)[0m
            [36m</li>[39m
            [36m<li>[39m
              [0mHighlighted
 Profile[0m
            [36m</li>[39m
          [36m</ul>[39m
          [36m<button[39m
            [33mclass[39m=
[32m"support-btn purple"[39m
          [36m>[39m
            [0mSupport [0m
            [0m$100[0m
          [36m</button>[39m
        [36m</div>[39m
        [36m<div[39m
          [33mclass[39m=[3
2m"package-card glass   absol
ute-tier"[39m
        [36m>[39m
          [36m<div[39m
            [33mclass[39m=
[32m"badge absolute-badge"[3
9m
          [36m>[39m
            [0mGODLIKE[0m
          [36m</div>[39m
          [36m<div[39m
            [33mclass[39m=
[32m"tier-icon-wrapper"[39m
          [36m>[39m
            [36m<svg[39m
              [33maria-hidde
n[39m=[32m"true"[39m
              [33mclass[39m
=[32m"lucide lucide-gift rai
nbow-text"[39m
              [33mfill[39m=
[32m"none"[39m
              [33mheight[39
m=[32m"40"[39m
              [33mstroke[39
m=[32m"currentColor"[39m
              [33mstroke-lin
ecap[39m=[32m"round"[39m
              [33mstroke-lin
ejoin[39m=[32m"round"[39m
              [33mstroke-wid
th[39m=[32m"2"[39m
              [33mviewBox[3
9m=[32m"0 0 24 24"[39m
              [33mwidth[39m
=[32m"40"[39m
              [33mxmlns[39m
=[32m"http://www.w3.org/2000
/svg"[39m
            [36m>[39m
              [36m<rect[39m
                [33mheight[
39m=[32m"4"[39m
                [33mrx[39m=
[32m"1"[39m
                [33mwidth[3
9m=[32m"18"[39m
                [33mx[39m=
[32m"3"[39m
                [33my[39m=
[32m"8"[39m
              [36m/>[39m
              [36m<path[39m
                [33md[39m=
[32m"M12 8v13"[39m
              [36m/>[39m

[2m Test Files [22m [1m[31m5 failed[39m[22m[2m | [22m[1m[32m3 passed[39m[22m[90m (8)[39m
              [36m<path[39m
                [33md[39m=
[32m"M19 12v7a2 2 0 0 1-2 2H7
a2 2 0 0 1-2-2v-7"[39m
[2m      Tests [22m [1m[31m8 failed[39m[22m[2m | [22m[1m[32m5 passed[39m[22m[90m (13)[39m
[2m   Start at [22m 03:04:59
              [36m/>[39m
              [36m<path[39m
[2m   Duration [22m 2.98s[2m (transform 756ms, setup 1.32s, import 3.60s, tests 578ms, environment 11.63s)[22m
                [33md[39m=
[32m"M7.5 8a2.5 2.5 0 0 1 0-5
A4.8 8 0 0 1 12 8a4.8 8 0 0 1
 4.5-5 2.5 2.5 0 0 1 0 5"[39
m

              [36m/>[39m
            [36m</svg>[39m
          [36m</div>[39m
          [36m<h3>[39m
            [0mABSOLUTE SUPP
ORTER[0m
          [36m</h3>[39m
          [36m<div[39m
            [33mclass[39m=
[32m"price-tag"[39m
          [36m>[39m
            [0m$1000[0m
          [36m</div>[39m
          [36m<div[39m
            [33mclass[39m=
[32m"pay-type"[39m
          [36m>[39m
            [0mone-time[0m
          [36m</div>[39m
          [36m<ul[39m
            [33mclass[39m=
[32m"support-features"[39m
          [36m>[39m
            [36m<li>[39m
              [0m10 Albums o
n Main Page[0m
            [36m</li>[39m
            [36m<li>[39m
              [0mMusic Video
 Gen Tools Access[0m
            [36m</li>[39m
            [36m<li>[39m
              [0mOwn Music V
ideo Channel[0m
            [36m</li>[39m
            [36m<li>[39m
              [0m5x Custom T
-Shirts (By Us)[0m
            [36m</li>[39m
            [36m<li>[39m
              [0m10x Custom 
Posters (By Us)[0m
            [36m</li>[39m
          [36m</ul>[39m
          [36m<button[39m
            [33mclass[39m=
[32m"support-btn rainbow"[39
m
          [36m>[39m
            [0mSupport [0m
            [0m$1000[0m
          [36m</button>[39m
        [36m</div>[39m
      [36m</div>[39m
    [36m</div>[39m
  [36m</div>[39m
[36m</body>[39m
[90m [2mÔŁ»[22m Object.get
ElementError node_modules/@te
sting-library/dom/dist/config
.js:[2m37:19[22m[39m
[90m [2mÔŁ»[22m node_modul
es/@testing-library/dom/dist/
query-helpers.js:[2m76:38[2
2m[39m
[90m [2mÔŁ»[22m node_modul
es/@testing-library/dom/dist/
query-helpers.js:[2m52:17[2
2m[39m
[90m [2mÔŁ»[22m node_modul
es/@testing-library/dom/dist/
query-helpers.js:[2m95:19[2
2m[39m
[36m [2mÔŁ»[22m src/compon
ents/Shop.test.jsx:[2m14:23
[22m[39m
    [90m 12| [39m    [34mi
t[39m([32m'shows the vinyl 
express package'[39m[33m,[
39m () [33m=>[39m {
    [90m 13| [39m        [
34mrender[39m([33m<[39m[3
3mShop[39m [33m/[39m[33m>
[39m)[33m;[39m
    [90m 14| [39m        [
34mexpect[39m(screen[33m.[
39m[34mgetByText[39m([36m/
Vinyl Express/i[39m))[33m.
[39m[34mtoBeInTheDocument[3
9m()[33m;[39m
    [90m   | [39m          
            [31m^[39m
    [90m 15| [39m    })[33
m;[39m
    [90m 16| [39m})[33m;[
39m

[31m[2mÔÄ»ÔÄ»ÔÄ»ÔÄ»ÔÄ»ÔÄ»ÔÄ
»ÔÄ»ÔÄ»ÔÄ»ÔÄ»ÔÄ»ÔÄ»ÔÄ»ÔÄ»ÔÄ»Ô
Ä»ÔÄ»ÔÄ»ÔÄ»ÔÄ»ÔÄ»ÔÄ»ÔÄ»[7/8]Ô
Ä»[22m[39m

[41m[1m FAIL [22m[49m src
/components/world/Scene.test.
jsx[2m > [22mScene[2m > [
22mrenders ground, character,
 other players and Vibe Stati
on
[31m[1mTestingLibraryElemen
tError[22m: Unable to find a
n element by: [data-testid="r
igid-body-cuboid"]

Ignored nodes: comments, scri
pt, style
[36m<body>[31m
  [36m<div>[31m
    [36m<mesh>[31m
      [36m<boxgeometry />[3
1m
      [36m<meshstandardmater
ial[31m
        [33mcolor[31m=[32m
"red"[31m
      [36m/>[31m
    [36m</mesh>[31m
  [36m</div>[31m
[36m</body>[31m[39m
[90m [2mÔŁ»[22m Object.get
ElementError node_modules/@te
sting-library/dom/dist/config
.js:[2m37:19[22m[39m
[90m [2mÔŁ»[22m node_modul
es/@testing-library/dom/dist/
query-helpers.js:[2m76:38[2
2m[39m
[90m [2mÔŁ»[22m node_modul
es/@testing-library/dom/dist/
query-helpers.js:[2m52:17[2
2m[39m
[90m [2mÔŁ»[22m node_modul
es/@testing-library/dom/dist/
query-helpers.js:[2m95:19[2
2m[39m
[36m [2mÔŁ»[22m src/compon
ents/world/Scene.test.jsx:[2
m46:23[22m[39m
    [90m 44| [39m
    [90m 45| [39m        [
90m// Ground[39m
    [90m 46| [39m        [
34mexpect[39m(screen[33m.[
39m[34mgetByTestId[39m([32
m'rigid-body-cuboid'[39m))[
33m.[39m[34mtoBeDefined[39
m()[33m;[39m
    [90m   | [39m          
            [31m^[39m
    [90m 47| [39m
    [90m 48| [39m        [
90m// Player[39m

[31m[2mÔÄ»ÔÄ»ÔÄ»ÔÄ»ÔÄ»ÔÄ»ÔÄ
»ÔÄ»ÔÄ»ÔÄ»ÔÄ»ÔÄ»ÔÄ»ÔÄ»ÔÄ»ÔÄ»Ô
Ä»ÔÄ»ÔÄ»ÔÄ»ÔÄ»ÔÄ»ÔÄ»ÔÄ»[8/8]Ô
Ä»[22m[39m

[vitest-pool]: Timeout termin
ating forks worker for test f
iles C:/Users/rakpa/Documents
/VibeMusic/vibe-social/src/co
mponents/Community.test.jsx.
